// Jest Snapshot v1, https://goo.gl/fbAQLP

exports[`shallow app component snapshot 1`] = `ShallowWrapper {}`;
